// Jest Snapshot v1, https://goo.gl/fbAQLP

exports[`<LoadingIndicator /> should match the snapshot 1`] = `
.c0 {
  margin: 2em auto;
  width: 40px;
  height: 40px;
  position: fixed;
  left: 50%;
  top: 35%;
  -webkit-transform: translate(-50%,-50%);
  -ms-transform: translate(-50%,-50%);
  transform: translate(-50%,-50%);
}

<div
  className="c0"
>
  <div
    className="sc-bdVaJa jeNvXT"
    size="100px"
  >
    <svg
      clipRule="evenodd"
      fillRule="evenodd"
      height="512"
      strokeLinejoin="round"
      strokeMiterlimit="1.414"
      viewBox="0 0 512 512"
      width="512"
      xmlns="http://www.w3.org/2000/svg"
    >
      <path
        className="JVlbXHZN_0"
        d="M510.35 256L415 351.42h-.17C374 310.76 318 285.5 256 285.5c-62 0-118.09 25.26-158.93 65.92h-.17L1.65 256 256 1.65 510.35 256z"
        fill="#001358"
        fillOpacity="0"
        stroke="#001358"
        strokeWidth="5"
        transform="matrix(.78361 0 0 .80235 55.395 50.594)"
      />
      <path
        className="JVlbXHZN_1"
        d="M386.86 379.54L256.09 510.31 125.15 379.54A183.26 183.26 0 0 1 256 325.29c8.748-.014 17.486.588 26.15 1.8a183.036 183.036 0 0 1 104.71 52.45z"
        fill="rgb(24, 144, 255)"
        fillOpacity="0"
        stroke="rgb(24, 144, 255)"
        strokeWidth="5"
        transform="matrix(.78361 0 0 .80235 55.395 50.594)"
      />
    </svg>
  </div>
</div>
`;
